893653300
150104699
232570112
922156483
361136690
103094234
245249617
912578727
399641917
820143308
