[([([(1)o][([([(2)o][([(3)o][(4)x])x])o][(5)x])x])x][(6)o])x][(7)o]
